<?xml version="1.0" encoding="UTF-8"?>
<TestRun id="d49a1ab6-7b7e-426d-a6e8-b67f923df597" name="augusto-ortiz@WKS-SP-2310 2014-03-06 11:21:13" runUser="CHEMDOMAIN\augusto-ortiz" xmlns="http://microsoft.com/schemas/VisualStudio/TeamTest/2010">
  <TestSettings name="Local" id="ca5002e4-8a8a-4a2a-a639-9482188e6ac1">
    <Description>These are default test settings for a local test run.</Description>
    <Deployment enabled="false" runDeploymentRoot="augusto-ortiz_WKS-SP-2310 2014-03-06 11_21_13" />
    <Execution>
      <TestTypeSpecific />
      <AgentRule name="Execution Agents">
      </AgentRule>
    </Execution>
  </TestSettings>
  <Times creation="2014-03-06T11:21:13.1691648-03:00" queuing="2014-03-06T11:21:13.2003644-03:00" start="2014-03-06T11:21:13.2159642-03:00" finish="2014-03-06T11:21:13.2939632-03:00" />
  <ResultSummary outcome="Completed">
    <Counters total="1" executed="1" passed="1" error="0" failed="0" timeout="0" aborted="0" inconclusive="0" passedButRunAborted="0" notRunnable="0" notExecuted="0" disconnected="0" warning="0" completed="0" inProgress="0" pending="0" />
  </ResultSummary>
  <TestDefinitions>
    <OrderedTest name="OrderedTest1" storage="c:\users\augusto-ortiz\documents\visual studio 2010\projects\docgeneratortest\testproject1\orderedtest1.orderedtest" id="fe04e87e-d0ef-425d-80d4-d7fb68e9afcb">
      <Execution id="57b527cc-3d87-410d-a432-c67d6139f6fc" />
    </OrderedTest>
  </TestDefinitions>
  <TestLists>
    <TestList name="Results Not in a List" id="8c84fa94-04c1-424b-9868-57a2d4851a1d" />
    <TestList name="All Loaded Results" id="19431567-8539-422a-85d7-44ee4e166bda" />
  </TestLists>
  <TestEntries>
    <TestEntry isTransparent="false" testId="fe04e87e-d0ef-425d-80d4-d7fb68e9afcb" executionId="57b527cc-3d87-410d-a432-c67d6139f6fc" testListId="8c84fa94-04c1-424b-9868-57a2d4851a1d" />
  </TestEntries>
  <Results>
    <TestResultAggregation executionId="57b527cc-3d87-410d-a432-c67d6139f6fc" testId="fe04e87e-d0ef-425d-80d4-d7fb68e9afcb" testName="OrderedTest1" computerName="WKS-SP-2310" startTime="2014-03-06T11:21:13.2471638-03:00" endTime="2014-03-06T11:21:13.2471638-03:00" testType="ec4800e8-40e5-4ab3-8510-b8bf29b1904d" outcome="Passed" testListId="8c84fa94-04c1-424b-9868-57a2d4851a1d" relativeResultsDirectory="57b527cc-3d87-410d-a432-c67d6139f6fc">
    </TestResultAggregation>
  </Results>
</TestRun>